2026-04-01 21:14:02 [info] [ClaudeSSHManager] Initialized with version <blob>
2026-04-02 11:01:39 [info] [ClaudeSSHManager] Initialized with version <blob>
2026-04-02 15:45:28 [info] [ClaudeSSHManager] Initialized with version <blob>
2026-04-02 17:20:33 [info] [ClaudeSSHManager] Initialized with version <blob>
2026-04-03 11:45:31 [info] [ClaudeSSHManager] Initialized with version <blob>
2026-04-04 11:11:14 [info] [ClaudeSSHManager] Initialized with version <blob>
2026-04-05 11:59:46 [info] [ClaudeSSHManager] Initialized with version <blob>
2026-04-06 09:37:58 [info] [ClaudeSSHManager] Initialized with version <blob>
2026-04-07 10:22:41 [info] [ClaudeSSHManager] Initialized with version <blob>
2026-04-08 10:41:15 [info] [ClaudeSSHManager] Initialized with version <blob>
2026-04-08 13:28:15 [info] [ClaudeSSHManager] Initialized with version <blob>
2026-04-09 09:39:21 [info] [ClaudeSSHManager] Initialized with version <blob>
2026-04-11 20:21:01 [info] [ClaudeSSHManager] Initialized with version <blob>
2026-04-11 20:25:48 [info] [ClaudeSSHManager] Initialized with version <blob>
2026-04-11 20:26:50 [info] [ClaudeSSHManager] Initialized with version <blob>
2026-04-11 20:28:12 [info] [ClaudeSSHManager] Initialized with version <blob>
2026-04-11 21:08:15 [info] [ClaudeSSHManager] Initialized with version <blob>
2026-04-12 21:11:43 [info] [ClaudeSSHManager] Initialized with version <blob>
2026-04-14 07:44:02 [info] [ClaudeSSHManager] Initialized with version <blob>
2026-04-14 08:25:43 [info] [remote] powerMonitor unlock-screen; probing SSH controllers
2026-04-14 09:27:38 [info] [remote] powerMonitor resume; probing SSH controllers
2026-04-14 09:27:39 [info] [remote] powerMonitor unlock-screen; probing SSH controllers
2026-04-14 09:46:57 [info] [remote] powerMonitor resume; probing SSH controllers
2026-04-14 09:47:00 [info] [remote] powerMonitor unlock-screen; probing SSH controllers
2026-04-14 12:21:04 [info] [remote] powerMonitor resume; probing SSH controllers
2026-04-14 12:21:06 [info] [remote] powerMonitor unlock-screen; probing SSH controllers
2026-04-14 16:02:27 [info] [remote] powerMonitor resume; probing SSH controllers
2026-04-14 16:02:31 [info] [remote] powerMonitor unlock-screen; probing SSH controllers
2026-04-14 19:17:08 [info] [remote] powerMonitor resume; probing SSH controllers
2026-04-14 19:17:09 [info] [remote] powerMonitor unlock-screen; probing SSH controllers
2026-04-15 07:46:03 [info] [remote] powerMonitor resume; probing SSH controllers
2026-04-15 07:46:06 [info] [remote] powerMonitor unlock-screen; probing SSH controllers
2026-04-15 08:43:37 [info] [remote] powerMonitor resume; probing SSH controllers
2026-04-15 08:53:41 [info] [remote] powerMonitor resume; probing SSH controllers
2026-04-15 08:53:43 [info] [remote] powerMonitor unlock-screen; probing SSH controllers
2026-04-15 09:49:09 [info] [remote] powerMonitor resume; probing SSH controllers
2026-04-15 09:49:11 [info] [remote] powerMonitor unlock-screen; probing SSH controllers
2026-04-15 09:57:54 [info] [ClaudeSSHManager] Initialized with version <blob>
2026-04-15 20:39:40 [info] [remote] powerMonitor resume; probing SSH controllers
2026-04-15 20:40:06 [info] [remote] powerMonitor unlock-screen; probing SSH controllers
2026-04-16 07:58:35 [info] [remote] powerMonitor resume; probing SSH controllers
2026-04-16 08:56:45 [info] [remote] powerMonitor resume; probing SSH controllers
2026-04-16 08:56:46 [info] [remote] powerMonitor unlock-screen; probing SSH controllers
2026-04-16 08:57:13 [info] [ClaudeSSHManager] Initialized with version <blob>
2026-04-16 10:44:45 [info] [remote] powerMonitor unlock-screen; probing SSH controllers
2026-04-16 11:33:45 [info] [remote] powerMonitor unlock-screen; probing SSH controllers
2026-04-16 11:45:15 [info] [remote] powerMonitor unlock-screen; probing SSH controllers
2026-04-16 13:19:59 [info] [remote] powerMonitor resume; probing SSH controllers
2026-04-16 13:20:01 [info] [remote] powerMonitor unlock-screen; probing SSH controllers
2026-04-16 17:09:56 [info] [remote] powerMonitor resume; probing SSH controllers
2026-04-16 17:10:00 [info] [remote] powerMonitor unlock-screen; probing SSH controllers
2026-04-16 20:16:29 [info] [ClaudeSSHManager] Initialized with version <blob>
2026-04-16 21:49:42 [info] [remote] powerMonitor resume; probing SSH controllers
2026-04-16 21:49:43 [info] [remote] powerMonitor unlock-screen; probing SSH controllers
2026-04-16 21:57:29 [info] [ClaudeSSHManager] Initialized with version <blob>
2026-04-17 07:27:49 [info] [remote] powerMonitor resume; probing SSH controllers
2026-04-17 07:27:51 [info] [remote] powerMonitor unlock-screen; probing SSH controllers
2026-04-17 07:43:38 [info] [remote] powerMonitor resume; probing SSH controllers
2026-04-17 07:43:40 [info] [remote] powerMonitor unlock-screen; probing SSH controllers
2026-04-17 08:41:33 [info] [remote] powerMonitor resume; probing SSH controllers
2026-04-17 08:41:35 [info] [remote] powerMonitor unlock-screen; probing SSH controllers
2026-04-17 08:46:26 [info] [ClaudeSSHManager] Initialized with version <blob>
2026-04-17 09:15:04 [info] [remote] powerMonitor unlock-screen; probing SSH controllers
2026-04-17 09:25:37 [info] [remote] powerMonitor unlock-screen; probing SSH controllers
2026-04-17 09:58:47 [info] [remote] powerMonitor resume; probing SSH controllers
2026-04-17 09:58:48 [info] [remote] powerMonitor unlock-screen; probing SSH controllers
2026-04-17 10:37:24 [info] [remote] powerMonitor unlock-screen; probing SSH controllers
2026-04-17 10:48:17 [info] [remote] powerMonitor unlock-screen; probing SSH controllers
2026-04-17 11:05:10 [info] [remote] powerMonitor unlock-screen; probing SSH controllers
2026-04-17 11:26:40 [info] [remote] powerMonitor resume; probing SSH controllers
2026-04-17 11:26:42 [info] [remote] powerMonitor unlock-screen; probing SSH controllers
2026-04-17 14:15:20 [info] [remote] powerMonitor resume; probing SSH controllers
2026-04-17 14:15:21 [info] [remote] powerMonitor unlock-screen; probing SSH controllers
2026-04-18 18:46:25 [info] [remote] powerMonitor resume; probing SSH controllers
2026-04-18 18:46:27 [info] [remote] powerMonitor unlock-screen; probing SSH controllers
2026-04-18 20:44:21 [info] [remote] powerMonitor unlock-screen; probing SSH controllers
2026-04-19 09:53:10 [info] [remote] powerMonitor resume; probing SSH controllers
2026-04-19 09:53:12 [info] [remote] powerMonitor unlock-screen; probing SSH controllers
2026-04-19 16:34:36 [info] [remote] powerMonitor unlock-screen; probing SSH controllers
2026-04-19 16:45:24 [info] [remote] powerMonitor unlock-screen; probing SSH controllers
2026-04-19 17:00:06 [info] [remote] powerMonitor unlock-screen; probing SSH controllers
2026-04-19 19:03:13 [info] [remote] powerMonitor unlock-screen; probing SSH controllers
2026-04-20 06:28:13 [info] [remote] powerMonitor resume; probing SSH controllers
2026-04-20 06:28:15 [info] [remote] powerMonitor unlock-screen; probing SSH controllers
2026-04-20 06:48:50 [info] [remote] powerMonitor resume; probing SSH controllers
2026-04-20 06:48:51 [info] [remote] powerMonitor unlock-screen; probing SSH controllers
2026-04-20 08:00:02 [info] [remote] powerMonitor resume; probing SSH controllers
2026-04-20 08:00:07 [info] [remote] powerMonitor unlock-screen; probing SSH controllers
2026-04-20 08:02:09 [info] [remote] powerMonitor resume; probing SSH controllers
2026-04-20 08:02:11 [info] [remote] powerMonitor unlock-screen; probing SSH controllers
2026-04-20 08:10:51 [info] [remote] powerMonitor resume; probing SSH controllers
2026-04-20 08:10:52 [info] [remote] powerMonitor unlock-screen; probing SSH controllers
2026-04-20 09:45:22 [info] [remote] powerMonitor resume; probing SSH controllers
2026-04-20 10:05:58 [info] [remote] powerMonitor resume; probing SSH controllers
2026-04-20 10:06:00 [info] [remote] powerMonitor unlock-screen; probing SSH controllers
2026-04-20 16:31:59 [info] [remote] powerMonitor resume; probing SSH controllers
2026-04-20 16:32:01 [info] [remote] powerMonitor unlock-screen; probing SSH controllers
2026-04-20 20:29:10 [info] [remote] powerMonitor resume; probing SSH controllers
2026-04-20 20:29:13 [info] [remote] powerMonitor unlock-screen; probing SSH controllers
2026-04-20 20:57:49 [info] [remote] powerMonitor resume; probing SSH controllers
2026-04-20 20:57:53 [info] [remote] powerMonitor unlock-screen; probing SSH controllers
2026-04-21 06:07:32 [info] [remote] powerMonitor resume; probing SSH controllers
2026-04-21 06:07:32 [info] [remote] powerMonitor unlock-screen; probing SSH controllers
2026-04-21 07:43:07 [info] [remote] powerMonitor resume; probing SSH controllers
2026-04-21 07:43:09 [info] [remote] powerMonitor unlock-screen; probing SSH controllers
2026-04-21 07:50:57 [info] [remote] powerMonitor resume; probing SSH controllers
2026-04-21 07:50:59 [info] [remote] powerMonitor unlock-screen; probing SSH controllers
2026-04-21 08:11:41 [info] [ClaudeSSHManager] Initialized with version <blob>
2026-04-21 08:15:28 [info] [ClaudeSSHManager] Initialized with version <blob>
2026-04-21 08:59:39 [info] [ClaudeSSHManager] Initialized with version <blob>
2026-04-21 10:16:07 [info] [remote] powerMonitor unlock-screen; probing SSH controllers
2026-04-21 13:05:58 [info] [remote] powerMonitor resume; probing SSH controllers
2026-04-21 13:06:01 [info] [remote] powerMonitor unlock-screen; probing SSH controllers
2026-04-21 13:51:44 [info] [remote] powerMonitor unlock-screen; probing SSH controllers
2026-04-21 16:16:49 [info] [remote] powerMonitor unlock-screen; probing SSH controllers
2026-04-21 18:06:36 [info] [remote] powerMonitor unlock-screen; probing SSH controllers
2026-04-21 18:46:13 [info] [remote] powerMonitor unlock-screen; probing SSH controllers
2026-04-21 19:53:30 [info] [remote] powerMonitor unlock-screen; probing SSH controllers
2026-04-21 22:04:47 [info] [remote] powerMonitor unlock-screen; probing SSH controllers
2026-04-21 22:23:06 [info] [remote] powerMonitor unlock-screen; probing SSH controllers
2026-04-21 22:26:13 [info] [remote] powerMonitor resume; probing SSH controllers
2026-04-21 22:26:15 [info] [remote] powerMonitor unlock-screen; probing SSH controllers
2026-04-22 08:05:21 [info] [remote] powerMonitor resume; probing SSH controllers
2026-04-22 08:05:23 [info] [remote] powerMonitor unlock-screen; probing SSH controllers
2026-04-22 09:02:32 [info] [remote] powerMonitor resume; probing SSH controllers
2026-04-22 09:10:25 [info] [remote] powerMonitor resume; probing SSH controllers
2026-04-22 09:10:26 [info] [remote] powerMonitor unlock-screen; probing SSH controllers
2026-04-22 09:37:13 [info] [remote] powerMonitor resume; probing SSH controllers
2026-04-22 09:37:15 [info] [remote] powerMonitor unlock-screen; probing SSH controllers
2026-04-23 07:53:24 [info] [remote] powerMonitor resume; probing SSH controllers
2026-04-23 07:53:27 [info] [remote] powerMonitor unlock-screen; probing SSH controllers
2026-04-23 08:54:25 [info] [remote] powerMonitor resume; probing SSH controllers
2026-04-23 08:58:43 [info] [remote] powerMonitor resume; probing SSH controllers
2026-04-23 08:58:45 [info] [remote] powerMonitor unlock-screen; probing SSH controllers
2026-04-23 10:28:49 [info] [remote] powerMonitor resume; probing SSH controllers
2026-04-23 10:28:50 [info] [remote] powerMonitor unlock-screen; probing SSH controllers
2026-04-23 12:14:50 [info] [remote] powerMonitor unlock-screen; probing SSH controllers
2026-04-23 13:51:39 [info] [remote] powerMonitor resume; probing SSH controllers
2026-04-23 13:51:41 [info] [remote] powerMonitor unlock-screen; probing SSH controllers
2026-04-23 13:52:56 [info] [ClaudeSSHManager] Initialized with version <blob>
2026-04-23 15:12:21 [info] [remote] powerMonitor:unlock-screen; probing SSH controllers
2026-04-23 15:24:37 [info] [remote] powerMonitor:unlock-screen; probing SSH controllers
2026-04-23 15:39:34 [info] [remote] network-interface change detected; probing SSH controllers
2026-04-23 15:43:13 [info] [remote] network-interface change detected; probing SSH controllers
2026-04-23 17:58:11 [info] [remote] network-interface change detected; probing SSH controllers
2026-04-23 17:58:14 [info] [remote] network-interface change detected; probing SSH controllers
2026-04-23 19:33:11 [info] [remote] powerMonitor:resume; probing SSH controllers
2026-04-23 19:33:14 [info] [remote] powerMonitor:unlock-screen; probing SSH controllers
2026-04-23 19:33:14 [info] [remote] network-interface change detected; probing SSH controllers
2026-04-23 19:35:14 [info] [remote] network-interface change detected; probing SSH controllers
2026-04-23 19:35:23 [info] [remote] network-interface change detected; probing SSH controllers
2026-04-23 21:43:20 [info] [remote] network-interface change detected; probing SSH controllers
2026-04-23 21:45:21 [info] [remote] powerMonitor:resume; probing SSH controllers
2026-04-23 21:45:22 [info] [remote] powerMonitor:unlock-screen; probing SSH controllers
2026-04-23 21:45:24 [info] [remote] network-interface change detected; probing SSH controllers
2026-04-23 23:38:00 [info] [remote] network-interface change detected; probing SSH controllers
2026-04-24 07:05:47 [info] [remote] powerMonitor:resume; probing SSH controllers
2026-04-24 07:10:51 [info] [remote] network-interface change detected; probing SSH controllers
2026-04-24 07:10:57 [info] [remote] network-interface change detected; probing SSH controllers
2026-04-24 07:11:47 [info] [remote] network-interface change detected; probing SSH controllers
2026-04-24 07:52:32 [info] [remote] powerMonitor:resume; probing SSH controllers
2026-04-24 07:52:34 [info] [remote] powerMonitor:unlock-screen; probing SSH controllers
2026-04-24 07:52:35 [info] [remote] network-interface change detected; probing SSH controllers
2026-04-24 07:54:11 [info] [remote] network-interface change detected; probing SSH controllers
2026-04-24 08:07:02 [info] [remote] powerMonitor:resume; probing SSH controllers
2026-04-24 08:07:04 [info] [remote] powerMonitor:unlock-screen; probing SSH controllers
2026-04-24 08:07:05 [info] [remote] network-interface change detected; probing SSH controllers
2026-04-24 08:07:26 [info] [remote] network-interface change detected; probing SSH controllers
2026-04-24 08:07:47 [info] [remote] network-interface change detected; probing SSH controllers
2026-04-24 08:08:47 [info] [remote] network-interface change detected; probing SSH controllers
2026-04-24 09:00:01 [info] [remote] network-interface change detected; probing SSH controllers
2026-04-24 09:01:38 [info] [remote] network-interface change detected; probing SSH controllers
2026-04-24 09:01:41 [info] [remote] network-interface change detected; probing SSH controllers
2026-04-24 09:04:21 [info] [remote] powerMonitor:resume; probing SSH controllers
2026-04-24 09:04:23 [info] [remote] powerMonitor:unlock-screen; probing SSH controllers
2026-04-24 09:04:24 [info] [remote] network-interface change detected; probing SSH controllers
2026-04-24 09:05:12 [info] [remote] network-interface change detected; probing SSH controllers
2026-04-24 09:18:07 [info] [remote] network-interface change detected; probing SSH controllers
2026-04-24 09:19:19 [info] [remote] powerMonitor:resume; probing SSH controllers
2026-04-24 09:19:22 [info] [remote] powerMonitor:unlock-screen; probing SSH controllers
2026-04-24 09:19:22 [info] [remote] network-interface change detected; probing SSH controllers
2026-04-24 09:27:20 [info] [remote] network-interface change detected; probing SSH controllers
2026-04-24 09:29:45 [info] [remote] powerMonitor:resume; probing SSH controllers
2026-04-24 09:29:46 [info] [remote] powerMonitor:unlock-screen; probing SSH controllers
2026-04-24 09:29:48 [info] [remote] network-interface change detected; probing SSH controllers
2026-04-24 09:45:22 [info] [remote] network-interface change detected; probing SSH controllers
2026-04-24 10:21:16 [info] [remote] powerMonitor:resume; probing SSH controllers
2026-04-24 10:21:18 [info] [remote] powerMonitor:unlock-screen; probing SSH controllers
2026-04-24 10:21:19 [info] [remote] network-interface change detected; probing SSH controllers
2026-04-24 10:32:52 [info] [remote] network-interface change detected; probing SSH controllers
2026-04-24 10:50:44 [info] [remote] powerMonitor:resume; probing SSH controllers
2026-04-24 11:11:50 [info] [remote] powerMonitor:resume; probing SSH controllers
2026-04-24 11:11:52 [info] [remote] powerMonitor:unlock-screen; probing SSH controllers
2026-04-24 11:11:53 [info] [remote] network-interface change detected; probing SSH controllers
2026-04-24 11:18:09 [info] [remote] network-interface change detected; probing SSH controllers
2026-04-24 11:29:40 [info] [remote] powerMonitor:resume; probing SSH controllers
2026-04-24 11:29:43 [info] [remote] network-interface change detected; probing SSH controllers
2026-04-24 11:29:46 [info] [remote] network-interface change detected; probing SSH controllers
2026-04-24 11:49:32 [info] [remote] powerMonitor:resume; probing SSH controllers
2026-04-24 11:49:34 [info] [remote] powerMonitor:unlock-screen; probing SSH controllers
2026-04-24 11:49:35 [info] [remote] network-interface change detected; probing SSH controllers
2026-04-24 11:50:20 [info] [remote] network-interface change detected; probing SSH controllers
2026-04-24 13:09:55 [info] [remote] powerMonitor:resume; probing SSH controllers
2026-04-24 13:09:55 [info] [remote] network-interface change detected; probing SSH controllers
2026-04-24 13:13:52 [info] [remote] network-interface change detected; probing SSH controllers
2026-04-24 13:13:55 [info] [remote] network-interface change detected; probing SSH controllers
2026-04-24 13:16:04 [info] [remote] network-interface change detected; probing SSH controllers
2026-04-24 13:16:07 [info] [remote] network-interface change detected; probing SSH controllers
2026-04-24 13:17:00 [info] [remote] network-interface change detected; probing SSH controllers
2026-04-24 13:17:15 [info] [remote] network-interface change detected; probing SSH controllers
2026-04-24 13:17:21 [info] [remote] network-interface change detected; probing SSH controllers
2026-04-24 13:18:37 [info] [remote] network-interface change detected; probing SSH controllers
2026-04-24 13:18:43 [info] [remote] network-interface change detected; probing SSH controllers
2026-04-24 13:18:46 [info] [remote] network-interface change detected; probing SSH controllers
2026-04-24 13:19:16 [info] [remote] network-interface change detected; probing SSH controllers
2026-04-24 13:23:17 [info] [remote] network-interface change detected; probing SSH controllers
2026-04-24 13:23:20 [info] [remote] network-interface change detected; probing SSH controllers
2026-04-24 14:09:44 [info] [remote] network-interface change detected; probing SSH controllers
2026-04-24 14:26:23 [info] [remote] powerMonitor:resume; probing SSH controllers
2026-04-24 14:26:24 [info] [remote] powerMonitor:unlock-screen; probing SSH controllers
2026-04-24 14:26:26 [info] [remote] network-interface change detected; probing SSH controllers
2026-04-24 14:26:53 [info] [remote] network-interface change detected; probing SSH controllers
2026-04-24 14:42:29 [info] [remote] network-interface change detected; probing SSH controllers
2026-04-24 14:57:36 [info] [remote] network-interface change detected; probing SSH controllers
2026-04-24 15:12:12 [info] [remote] network-interface change detected; probing SSH controllers
2026-04-24 15:48:01 [info] [remote] network-interface change detected; probing SSH controllers
2026-04-24 16:10:20 [info] [remote] powerMonitor:resume; probing SSH controllers
2026-04-24 16:10:22 [info] [remote] powerMonitor:unlock-screen; probing SSH controllers
2026-04-24 16:10:23 [info] [remote] network-interface change detected; probing SSH controllers
2026-04-24 16:13:11 [info] [remote] network-interface change detected; probing SSH controllers
2026-04-24 18:08:06 [info] [remote] powerMonitor:unlock-screen; probing SSH controllers
2026-04-24 18:08:36 [info] [remote] network-interface change detected; probing SSH controllers
2026-04-24 18:10:06 [info] [remote] network-interface change detected; probing SSH controllers
2026-04-24 18:11:30 [info] [remote] network-interface change detected; probing SSH controllers
2026-04-24 18:12:54 [info] [remote] network-interface change detected; probing SSH controllers
2026-04-24 18:14:18 [info] [remote] network-interface change detected; probing SSH controllers
2026-04-24 18:15:36 [info] [remote] network-interface change detected; probing SSH controllers
2026-04-24 18:17:07 [info] [remote] network-interface change detected; probing SSH controllers
2026-04-24 18:17:19 [info] [remote] network-interface change detected; probing SSH controllers
2026-04-24 18:18:40 [info] [remote] network-interface change detected; probing SSH controllers
2026-04-24 18:19:55 [info] [remote] network-interface change detected; probing SSH controllers
2026-04-24 18:19:58 [info] [remote] network-interface change detected; probing SSH controllers
2026-04-24 18:21:13 [info] [remote] network-interface change detected; probing SSH controllers
2026-04-24 18:22:28 [info] [remote] network-interface change detected; probing SSH controllers
2026-04-24 18:23:46 [info] [remote] network-interface change detected; probing SSH controllers
2026-04-24 18:25:01 [info] [remote] network-interface change detected; probing SSH controllers
2026-04-24 18:26:19 [info] [remote] network-interface change detected; probing SSH controllers
2026-04-24 18:27:34 [info] [remote] network-interface change detected; probing SSH controllers
2026-04-24 18:29:10 [info] [remote] network-interface change detected; probing SSH controllers
2026-04-24 18:30:28 [info] [remote] network-interface change detected; probing SSH controllers
2026-04-24 18:31:43 [info] [remote] network-interface change detected; probing SSH controllers
2026-04-24 18:33:01 [info] [remote] network-interface change detected; probing SSH controllers
2026-04-24 18:34:16 [info] [remote] network-interface change detected; probing SSH controllers
2026-04-24 18:35:34 [info] [remote] network-interface change detected; probing SSH controllers
2026-04-24 18:36:49 [info] [remote] network-interface change detected; probing SSH controllers
2026-04-24 18:38:07 [info] [remote] network-interface change detected; probing SSH controllers
2026-04-24 18:39:22 [info] [remote] network-interface change detected; probing SSH controllers
2026-04-24 18:40:40 [info] [remote] network-interface change detected; probing SSH controllers
2026-04-24 18:42:10 [info] [remote] network-interface change detected; probing SSH controllers
2026-04-24 18:43:28 [info] [remote] network-interface change detected; probing SSH controllers
2026-04-24 18:44:43 [info] [remote] network-interface change detected; probing SSH controllers
2026-04-24 18:46:01 [info] [remote] network-interface change detected; probing SSH controllers
2026-04-24 18:47:16 [info] [remote] network-interface change detected; probing SSH controllers
2026-04-24 18:48:34 [info] [remote] network-interface change detected; probing SSH controllers
2026-04-24 18:49:49 [info] [remote] network-interface change detected; probing SSH controllers
2026-04-24 18:51:19 [info] [remote] network-interface change detected; probing SSH controllers
2026-04-24 18:52:55 [info] [remote] network-interface change detected; probing SSH controllers
2026-04-24 18:54:28 [info] [remote] network-interface change detected; probing SSH controllers
2026-04-24 18:56:01 [info] [remote] network-interface change detected; probing SSH controllers
2026-04-24 18:57:16 [info] [remote] network-interface change detected; probing SSH controllers
2026-04-24 18:58:34 [info] [remote] network-interface change detected; probing SSH controllers
2026-04-24 18:59:50 [info] [remote] network-interface change detected; probing SSH controllers
2026-04-24 19:01:08 [info] [remote] network-interface change detected; probing SSH controllers
2026-04-24 19:02:23 [info] [remote] network-interface change detected; probing SSH controllers
2026-04-24 19:03:38 [info] [remote] network-interface change detected; probing SSH controllers
2026-04-24 19:03:41 [info] [remote] network-interface change detected; probing SSH controllers
2026-04-24 19:04:56 [info] [remote] network-interface change detected; probing SSH controllers
2026-04-24 19:06:11 [info] [remote] network-interface change detected; probing SSH controllers
2026-04-24 19:07:29 [info] [remote] network-interface change detected; probing SSH controllers
2026-04-24 19:08:59 [info] [remote] network-interface change detected; probing SSH controllers
2026-04-24 19:10:17 [info] [remote] network-interface change detected; probing SSH controllers
2026-04-24 19:11:32 [info] [remote] network-interface change detected; probing SSH controllers
2026-04-24 19:13:11 [info] [remote] network-interface change detected; probing SSH controllers
2026-04-24 19:14:26 [info] [remote] network-interface change detected; probing SSH controllers
2026-04-24 19:15:44 [info] [remote] network-interface change detected; probing SSH controllers
2026-04-24 19:16:59 [info] [remote] network-interface change detected; probing SSH controllers
2026-04-24 19:18:17 [info] [remote] network-interface change detected; probing SSH controllers
2026-04-24 19:19:32 [info] [remote] network-interface change detected; probing SSH controllers
2026-04-24 19:20:50 [info] [remote] network-interface change detected; probing SSH controllers
2026-04-24 19:22:05 [info] [remote] network-interface change detected; probing SSH controllers
2026-04-24 19:23:23 [info] [remote] network-interface change detected; probing SSH controllers
2026-04-24 19:24:38 [info] [remote] network-interface change detected; probing SSH controllers
2026-04-24 19:25:56 [info] [remote] network-interface change detected; probing SSH controllers
2026-04-24 19:27:11 [info] [remote] network-interface change detected; probing SSH controllers
2026-04-24 19:28:29 [info] [remote] network-interface change detected; probing SSH controllers
2026-04-24 19:29:59 [info] [remote] network-interface change detected; probing SSH controllers
2026-04-24 19:31:32 [info] [remote] network-interface change detected; probing SSH controllers
2026-04-24 19:33:02 [info] [remote] network-interface change detected; probing SSH controllers
2026-04-24 19:34:32 [info] [remote] network-interface change detected; probing SSH controllers
2026-04-24 19:36:05 [info] [remote] network-interface change detected; probing SSH controllers
2026-04-24 19:37:35 [info] [remote] network-interface change detected; probing SSH controllers
2026-04-24 19:39:05 [info] [remote] network-interface change detected; probing SSH controllers
2026-04-24 19:40:39 [info] [remote] network-interface change detected; probing SSH controllers
2026-04-24 19:42:09 [info] [remote] network-interface change detected; probing SSH controllers
2026-04-24 19:43:39 [info] [remote] network-interface change detected; probing SSH controllers
2026-04-24 19:45:09 [info] [remote] network-interface change detected; probing SSH controllers
2026-04-24 19:45:12 [info] [remote] network-interface change detected; probing SSH controllers
2026-04-24 19:46:42 [info] [remote] network-interface change detected; probing SSH controllers
2026-04-24 19:48:12 [info] [remote] network-interface change detected; probing SSH controllers
2026-04-24 19:49:42 [info] [remote] network-interface change detected; probing SSH controllers
2026-04-24 19:51:15 [info] [remote] network-interface change detected; probing SSH controllers
2026-04-24 19:52:45 [info] [remote] network-interface change detected; probing SSH controllers
2026-04-24 19:54:15 [info] [remote] network-interface change detected; probing SSH controllers
2026-04-24 19:55:48 [info] [remote] network-interface change detected; probing SSH controllers
2026-04-24 19:57:18 [info] [remote] network-interface change detected; probing SSH controllers
2026-04-24 19:58:48 [info] [remote] network-interface change detected; probing SSH controllers
2026-04-24 20:00:21 [info] [remote] network-interface change detected; probing SSH controllers
2026-04-24 20:01:36 [info] [remote] network-interface change detected; probing SSH controllers
2026-04-24 20:02:54 [info] [remote] network-interface change detected; probing SSH controllers
2026-04-24 20:04:24 [info] [remote] network-interface change detected; probing SSH controllers
2026-04-24 20:05:54 [info] [remote] network-interface change detected; probing SSH controllers
2026-04-24 20:07:12 [info] [remote] network-interface change detected; probing SSH controllers
2026-04-24 20:08:27 [info] [remote] network-interface change detected; probing SSH controllers
2026-04-24 20:09:45 [info] [remote] network-interface change detected; probing SSH controllers
2026-04-24 20:11:00 [info] [remote] network-interface change detected; probing SSH controllers
2026-04-24 20:12:18 [info] [remote] network-interface change detected; probing SSH controllers
2026-04-24 20:13:33 [info] [remote] network-interface change detected; probing SSH controllers
2026-04-24 20:14:51 [info] [remote] network-interface change detected; probing SSH controllers
2026-04-24 20:16:06 [info] [remote] network-interface change detected; probing SSH controllers
2026-04-24 20:17:24 [info] [remote] network-interface change detected; probing SSH controllers
2026-04-24 20:18:39 [info] [remote] network-interface change detected; probing SSH controllers
2026-04-24 20:19:57 [info] [remote] network-interface change detected; probing SSH controllers
2026-04-24 20:21:12 [info] [remote] network-interface change detected; probing SSH controllers
2026-04-24 20:22:31 [info] [remote] network-interface change detected; probing SSH controllers
2026-04-24 20:23:46 [info] [remote] network-interface change detected; probing SSH controllers
2026-04-24 20:25:04 [info] [remote] network-interface change detected; probing SSH controllers
2026-04-24 20:26:19 [info] [remote] network-interface change detected; probing SSH controllers
2026-04-24 20:27:37 [info] [remote] network-interface change detected; probing SSH controllers
2026-04-24 20:28:52 [info] [remote] network-interface change detected; probing SSH controllers
2026-04-24 20:30:10 [info] [remote] network-interface change detected; probing SSH controllers
2026-04-24 20:31:25 [info] [remote] network-interface change detected; probing SSH controllers
2026-04-24 20:32:43 [info] [remote] network-interface change detected; probing SSH controllers
2026-04-24 20:33:58 [info] [remote] network-interface change detected; probing SSH controllers
2026-04-24 20:35:16 [info] [remote] network-interface change detected; probing SSH controllers
2026-04-24 20:36:31 [info] [remote] network-interface change detected; probing SSH controllers
2026-04-24 20:37:49 [info] [remote] network-interface change detected; probing SSH controllers
2026-04-24 20:39:04 [info] [remote] network-interface change detected; probing SSH controllers
2026-04-24 20:40:22 [info] [remote] network-interface change detected; probing SSH controllers
2026-04-24 20:41:37 [info] [remote] network-interface change detected; probing SSH controllers
2026-04-24 20:42:52 [info] [remote] network-interface change detected; probing SSH controllers
2026-04-24 20:44:10 [info] [remote] network-interface change detected; probing SSH controllers
2026-04-24 20:45:25 [info] [remote] network-interface change detected; probing SSH controllers
2026-04-24 20:46:43 [info] [remote] network-interface change detected; probing SSH controllers
2026-04-24 20:47:58 [info] [remote] network-interface change detected; probing SSH controllers
2026-04-24 20:58:10 [info] [remote] network-interface change detected; probing SSH controllers
2026-04-24 21:00:53 [info] [remote] powerMonitor:resume; probing SSH controllers
2026-04-24 21:00:54 [info] [remote] powerMonitor:unlock-screen; probing SSH controllers
2026-04-24 21:00:56 [info] [remote] network-interface change detected; probing SSH controllers
2026-04-24 21:01:14 [info] [remote] network-interface change detected; probing SSH controllers
2026-04-24 21:11:35 [info] [remote] network-interface change detected; probing SSH controllers
2026-04-24 23:27:45 [info] [remote] powerMonitor:resume; probing SSH controllers
2026-04-24 23:27:46 [info] [remote] powerMonitor:unlock-screen; probing SSH controllers
2026-04-24 23:27:47 [info] [remote] network-interface change detected; probing SSH controllers
2026-04-24 23:28:14 [info] [remote] network-interface change detected; probing SSH controllers
2026-04-25 03:11:43 [info] [remote] network-interface change detected; probing SSH controllers
2026-04-25 03:47:29 [info] [remote] network-interface change detected; probing SSH controllers
2026-04-25 03:47:32 [info] [remote] network-interface change detected; probing SSH controllers
2026-04-25 04:24:40 [info] [remote] network-interface change detected; probing SSH controllers
2026-04-25 04:24:43 [info] [remote] network-interface change detected; probing SSH controllers
2026-04-25 09:51:07 [info] [remote] powerMonitor:resume; probing SSH controllers
2026-04-25 09:51:08 [info] [remote] powerMonitor:unlock-screen; probing SSH controllers
2026-04-25 09:51:10 [info] [remote] network-interface change detected; probing SSH controllers
2026-04-25 09:51:28 [info] [remote] network-interface change detected; probing SSH controllers
2026-04-25 10:04:04 [info] [remote] network-interface change detected; probing SSH controllers
2026-04-25 11:19:53 [info] [remote] powerMonitor:unlock-screen; probing SSH controllers
2026-04-25 11:29:36 [info] [remote] network-interface change detected; probing SSH controllers
2026-04-25 11:35:33 [info] [remote] powerMonitor:resume; probing SSH controllers
2026-04-25 11:35:34 [info] [remote] powerMonitor:unlock-screen; probing SSH controllers
2026-04-25 11:35:36 [info] [remote] network-interface change detected; probing SSH controllers
2026-04-25 11:35:54 [info] [remote] network-interface change detected; probing SSH controllers
2026-04-25 12:12:33 [info] [remote] network-interface change detected; probing SSH controllers
2026-04-25 12:24:50 [info] [remote] powerMonitor:resume; probing SSH controllers
2026-04-25 12:24:51 [info] [remote] powerMonitor:unlock-screen; probing SSH controllers
2026-04-25 12:24:53 [info] [remote] network-interface change detected; probing SSH controllers
2026-04-25 12:25:53 [info] [remote] network-interface change detected; probing SSH controllers
2026-04-25 15:29:21 [info] [remote] network-interface change detected; probing SSH controllers
2026-04-25 16:04:55 [info] [remote] network-interface change detected; probing SSH controllers
2026-04-25 16:04:58 [info] [remote] network-interface change detected; probing SSH controllers
2026-04-25 16:27:50 [info] [remote] powerMonitor:resume; probing SSH controllers
2026-04-25 16:27:53 [info] [remote] network-interface change detected; probing SSH controllers
2026-04-25 16:27:56 [info] [remote] powerMonitor:unlock-screen; probing SSH controllers
2026-04-25 16:28:11 [info] [remote] network-interface change detected; probing SSH controllers
2026-04-25 16:52:03 [info] [remote] network-interface change detected; probing SSH controllers
2026-04-25 16:52:18 [info] [remote] network-interface change detected; probing SSH controllers
2026-04-25 16:52:21 [info] [remote] network-interface change detected; probing SSH controllers
2026-04-25 19:47:03 [info] [remote] network-interface change detected; probing SSH controllers
2026-04-25 20:45:49 [info] [remote] network-interface change detected; probing SSH controllers
2026-04-25 20:52:31 [info] [remote] network-interface change detected; probing SSH controllers
2026-04-25 20:54:54 [info] [remote] powerMonitor:unlock-screen; probing SSH controllers
2026-04-25 20:56:58 [info] [ClaudeSSHManager] Initialized with version <blob>
2026-04-25 21:50:31 [info] [remote] network-interface change detected; probing SSH controllers
2026-04-25 21:58:55 [info] [remote] network-interface change detected; probing SSH controllers
2026-04-25 21:59:29 [info] [remote] network-interface change detected; probing SSH controllers
2026-04-25 23:40:16 [info] [remote] network-interface change detected; probing SSH controllers
2026-04-25 23:40:34 [info] [remote] network-interface change detected; probing SSH controllers
2026-04-25 23:40:55 [info] [remote] network-interface change detected; probing SSH controllers
2026-04-26 00:22:20 [info] [remote] network-interface change detected; probing SSH controllers
2026-04-26 09:09:28 [info] [remote] network-interface change detected; probing SSH controllers
2026-04-26 09:15:16 [info] [remote] network-interface change detected; probing SSH controllers
2026-04-26 09:30:38 [info] [remote] powerMonitor:unlock-screen; probing SSH controllers
2026-04-26 12:53:11 [info] [remote] powerMonitor:unlock-screen; probing SSH controllers
2026-04-26 13:15:53 [info] [remote] powerMonitor:unlock-screen; probing SSH controllers
2026-04-26 13:29:00 [info] [remote] powerMonitor:unlock-screen; probing SSH controllers
2026-04-26 13:47:46 [info] [remote] network-interface change detected; probing SSH controllers
2026-04-26 16:09:07 [info] [remote] network-interface change detected; probing SSH controllers
2026-04-26 16:10:43 [info] [remote] powerMonitor:unlock-screen; probing SSH controllers
2026-04-26 16:58:49 [info] [remote] powerMonitor:unlock-screen; probing SSH controllers
2026-04-26 17:07:56 [info] [remote] powerMonitor:unlock-screen; probing SSH controllers
2026-04-26 18:20:47 [info] [remote] powerMonitor:unlock-screen; probing SSH controllers
2026-04-26 20:22:20 [info] [remote] network-interface change detected; probing SSH controllers
2026-04-26 20:22:38 [info] [remote] network-interface change detected; probing SSH controllers
2026-04-26 20:31:53 [info] [remote] powerMonitor:unlock-screen; probing SSH controllers
2026-04-26 20:41:46 [info] [remote] powerMonitor:unlock-screen; probing SSH controllers
2026-04-26 21:35:22 [info] [remote] network-interface change detected; probing SSH controllers
2026-04-27 06:51:41 [info] [remote] powerMonitor:unlock-screen; probing SSH controllers
2026-04-27 06:53:49 [info] [remote] network-interface change detected; probing SSH controllers
2026-04-27 06:53:52 [info] [remote] network-interface change detected; probing SSH controllers
2026-04-27 06:56:40 [info] [remote] network-interface change detected; probing SSH controllers
2026-04-27 06:56:43 [info] [remote] network-interface change detected; probing SSH controllers
2026-04-27 06:56:46 [info] [remote] network-interface change detected; probing SSH controllers
2026-04-27 06:57:25 [info] [remote] network-interface change detected; probing SSH controllers
2026-04-27 07:06:16 [info] [remote] network-interface change detected; probing SSH controllers
2026-04-27 07:06:37 [info] [remote] network-interface change detected; probing SSH controllers
2026-04-27 07:22:08 [info] [remote] network-interface change detected; probing SSH controllers
2026-04-27 07:46:56 [info] [remote] network-interface change detected; probing SSH controllers
2026-04-27 07:46:59 [info] [remote] network-interface change detected; probing SSH controllers
2026-04-27 07:56:12 [info] [remote] network-interface change detected; probing SSH controllers
2026-04-27 07:56:15 [info] [remote] network-interface change detected; probing SSH controllers
2026-04-27 07:58:32 [info] [remote] network-interface change detected; probing SSH controllers
2026-04-27 07:58:35 [info] [remote] network-interface change detected; probing SSH controllers
2026-04-27 08:01:04 [info] [remote] network-interface change detected; probing SSH controllers
2026-04-27 08:01:07 [info] [remote] network-interface change detected; probing SSH controllers
2026-04-27 08:04:13 [info] [remote] powerMonitor:resume; probing SSH controllers
2026-04-27 08:04:14 [info] [remote] powerMonitor:unlock-screen; probing SSH controllers
2026-04-27 08:04:16 [info] [remote] network-interface change detected; probing SSH controllers
2026-04-27 08:05:34 [info] [remote] network-interface change detected; probing SSH controllers
2026-04-27 08:07:37 [info] [remote] network-interface change detected; probing SSH controllers
2026-04-27 08:09:19 [info] [remote] network-interface change detected; probing SSH controllers
2026-04-27 08:10:01 [info] [remote] network-interface change detected; probing SSH controllers
2026-04-27 08:10:46 [info] [remote] network-interface change detected; probing SSH controllers
2026-04-27 08:11:16 [info] [remote] network-interface change detected; probing SSH controllers
2026-04-27 08:11:46 [info] [remote] network-interface change detected; probing SSH controllers
2026-04-27 08:12:07 [info] [remote] network-interface change detected; probing SSH controllers
2026-04-27 08:12:34 [info] [remote] network-interface change detected; probing SSH controllers
2026-04-27 08:13:49 [info] [remote] network-interface change detected; probing SSH controllers
2026-04-27 08:14:52 [info] [remote] network-interface change detected; probing SSH controllers
2026-04-27 08:16:07 [info] [remote] network-interface change detected; probing SSH controllers
2026-04-27 08:17:25 [info] [remote] network-interface change detected; probing SSH controllers
2026-04-27 08:18:40 [info] [remote] network-interface change detected; probing SSH controllers
2026-04-27 08:19:01 [info] [remote] network-interface change detected; probing SSH controllers
2026-04-27 08:19:58 [info] [remote] network-interface change detected; probing SSH controllers
2026-04-27 08:20:19 [info] [remote] network-interface change detected; probing SSH controllers
2026-04-27 08:21:28 [info] [remote] network-interface change detected; probing SSH controllers
2026-04-27 08:22:46 [info] [remote] network-interface change detected; probing SSH controllers
2026-04-27 08:24:01 [info] [remote] network-interface change detected; probing SSH controllers
2026-04-27 08:25:35 [info] [remote] network-interface change detected; probing SSH controllers
2026-04-27 08:27:05 [info] [remote] network-interface change detected; probing SSH controllers
2026-04-27 08:27:08 [info] [remote] network-interface change detected; probing SSH controllers
2026-04-27 08:28:08 [info] [remote] network-interface change detected; probing SSH controllers
2026-04-27 08:29:23 [info] [remote] network-interface change detected; probing SSH controllers
2026-04-27 08:29:26 [info] [remote] network-interface change detected; probing SSH controllers
2026-04-27 08:30:08 [info] [remote] network-interface change detected; probing SSH controllers
2026-04-27 08:30:41 [info] [remote] network-interface change detected; probing SSH controllers
2026-04-27 08:31:56 [info] [remote] network-interface change detected; probing SSH controllers
2026-04-27 08:33:32 [info] [remote] network-interface change detected; probing SSH controllers
2026-04-27 08:34:47 [info] [remote] network-interface change detected; probing SSH controllers
2026-04-27 08:36:29 [info] [remote] network-interface change detected; probing SSH controllers
2026-04-27 08:37:44 [info] [remote] network-interface change detected; probing SSH controllers
2026-04-27 08:39:02 [info] [remote] network-interface change detected; probing SSH controllers
2026-04-27 08:40:38 [info] [remote] network-interface change detected; probing SSH controllers
2026-04-27 08:41:56 [info] [remote] network-interface change detected; probing SSH controllers
2026-04-27 08:42:23 [info] [remote] network-interface change detected; probing SSH controllers
2026-04-27 08:43:11 [info] [remote] network-interface change detected; probing SSH controllers
2026-04-27 08:44:29 [info] [remote] network-interface change detected; probing SSH controllers
2026-04-27 08:45:44 [info] [remote] network-interface change detected; probing SSH controllers
2026-04-27 08:47:02 [info] [remote] network-interface change detected; probing SSH controllers
2026-04-27 08:48:17 [info] [remote] network-interface change detected; probing SSH controllers
2026-04-27 08:49:35 [info] [remote] network-interface change detected; probing SSH controllers
2026-04-27 08:50:50 [info] [remote] network-interface change detected; probing SSH controllers
2026-04-27 08:53:39 [info] [remote] network-interface change detected; probing SSH controllers
2026-04-27 08:54:42 [info] [remote] network-interface change detected; probing SSH controllers
2026-04-27 08:55:57 [info] [remote] network-interface change detected; probing SSH controllers
2026-04-27 08:57:39 [info] [remote] network-interface change detected; probing SSH controllers
2026-04-27 08:59:12 [info] [remote] network-interface change detected; probing SSH controllers
2026-04-27 09:00:27 [info] [remote] network-interface change detected; probing SSH controllers
2026-04-27 09:00:51 [info] [remote] network-interface change detected; probing SSH controllers
2026-04-27 09:01:45 [info] [remote] network-interface change detected; probing SSH controllers
2026-04-27 09:03:18 [info] [remote] network-interface change detected; probing SSH controllers
2026-04-27 09:04:36 [info] [remote] network-interface change detected; probing SSH controllers
2026-04-27 09:06:21 [info] [remote] network-interface change detected; probing SSH controllers
2026-04-27 09:07:36 [info] [remote] network-interface change detected; probing SSH controllers
2026-04-27 09:08:54 [info] [remote] network-interface change detected; probing SSH controllers
2026-04-27 09:10:09 [info] [remote] network-interface change detected; probing SSH controllers
2026-04-27 09:11:27 [info] [remote] network-interface change detected; probing SSH controllers
2026-04-27 09:12:57 [info] [remote] network-interface change detected; probing SSH controllers
2026-04-27 09:14:00 [info] [remote] network-interface change detected; probing SSH controllers
2026-04-27 09:15:15 [info] [remote] network-interface change detected; probing SSH controllers
2026-04-27 09:16:09 [info] [remote] network-interface change detected; probing SSH controllers
2026-04-27 09:16:33 [info] [remote] network-interface change detected; probing SSH controllers
2026-04-27 09:17:48 [info] [remote] network-interface change detected; probing SSH controllers
2026-04-27 09:19:06 [info] [remote] network-interface change detected; probing SSH controllers
2026-04-27 09:20:21 [info] [remote] network-interface change detected; probing SSH controllers
2026-04-27 09:21:36 [info] [remote] network-interface change detected; probing SSH controllers
2026-04-27 09:22:54 [info] [remote] network-interface change detected; probing SSH controllers
2026-04-27 09:24:09 [info] [remote] network-interface change detected; probing SSH controllers
2026-04-27 09:25:43 [info] [remote] network-interface change detected; probing SSH controllers
2026-04-27 09:26:58 [info] [remote] network-interface change detected; probing SSH controllers
2026-04-27 09:28:16 [info] [remote] network-interface change detected; probing SSH controllers
2026-04-27 09:29:31 [info] [remote] network-interface change detected; probing SSH controllers
2026-04-27 09:30:49 [info] [remote] network-interface change detected; probing SSH controllers
2026-04-27 09:31:28 [info] [remote] network-interface change detected; probing SSH controllers
2026-04-27 09:32:04 [info] [remote] network-interface change detected; probing SSH controllers
2026-04-27 09:33:22 [info] [remote] network-interface change detected; probing SSH controllers
2026-04-27 09:34:37 [info] [remote] network-interface change detected; probing SSH controllers
2026-04-27 09:35:52 [info] [remote] network-interface change detected; probing SSH controllers
2026-04-27 09:37:10 [info] [remote] network-interface change detected; probing SSH controllers
2026-04-27 09:38:25 [info] [remote] network-interface change detected; probing SSH controllers
2026-04-27 09:39:43 [info] [remote] network-interface change detected; probing SSH controllers
2026-04-27 09:40:58 [info] [remote] network-interface change detected; probing SSH controllers
2026-04-27 09:42:16 [info] [remote] network-interface change detected; probing SSH controllers
2026-04-27 09:43:52 [info] [remote] network-interface change detected; probing SSH controllers
2026-04-27 09:45:10 [info] [remote] network-interface change detected; probing SSH controllers
2026-04-27 09:46:43 [info] [remote] network-interface change detected; probing SSH controllers
2026-04-27 09:47:43 [info] [remote] network-interface change detected; probing SSH controllers
2026-04-27 09:48:13 [info] [remote] network-interface change detected; probing SSH controllers
2026-04-27 09:50:06 [info] [remote] network-interface change detected; probing SSH controllers
2026-04-27 09:50:09 [info] [remote] powerMonitor:resume; probing SSH controllers
2026-04-27 09:50:09 [info] [remote] network-interface change detected; probing SSH controllers
2026-04-27 09:50:11 [info] [remote] powerMonitor:unlock-screen; probing SSH controllers
2026-04-27 09:51:18 [info] [remote] network-interface change detected; probing SSH controllers
2026-04-27 09:51:57 [info] [remote] network-interface change detected; probing SSH controllers
2026-04-27 10:01:43 [info] [remote] network-interface change detected; probing SSH controllers
2026-04-27 10:07:50 [info] [remote] powerMonitor:unlock-screen; probing SSH controllers
2026-04-27 10:08:25 [info] [remote] network-interface change detected; probing SSH controllers
2026-04-27 10:09:43 [info] [remote] network-interface change detected; probing SSH controllers
2026-04-27 10:10:58 [info] [remote] network-interface change detected; probing SSH controllers
2026-04-27 10:12:16 [info] [remote] network-interface change detected; probing SSH controllers
2026-04-27 10:14:04 [info] [remote] network-interface change detected; probing SSH controllers
2026-04-27 10:14:55 [info] [remote] network-interface change detected; probing SSH controllers
2026-04-27 10:16:04 [info] [remote] network-interface change detected; probing SSH controllers
2026-04-27 10:17:22 [info] [remote] network-interface change detected; probing SSH controllers
2026-04-27 10:18:37 [info] [remote] network-interface change detected; probing SSH controllers
2026-04-27 10:19:29 [info] [remote] powerMonitor:unlock-screen; probing SSH controllers
2026-04-27 10:20:10 [info] [remote] network-interface change detected; probing SSH controllers
2026-04-27 10:21:25 [info] [remote] network-interface change detected; probing SSH controllers
2026-04-27 10:22:43 [info] [remote] network-interface change detected; probing SSH controllers
2026-04-27 10:24:14 [info] [remote] network-interface change detected; probing SSH controllers
2026-04-27 10:25:32 [info] [remote] network-interface change detected; probing SSH controllers
2026-04-27 10:26:47 [info] [remote] network-interface change detected; probing SSH controllers
2026-04-27 10:28:05 [info] [remote] network-interface change detected; probing SSH controllers
2026-04-27 10:29:35 [info] [remote] network-interface change detected; probing SSH controllers
2026-04-27 10:30:14 [info] [remote] network-interface change detected; probing SSH controllers
2026-04-27 10:30:38 [info] [remote] network-interface change detected; probing SSH controllers
2026-04-27 10:31:53 [info] [remote] network-interface change detected; probing SSH controllers
2026-04-27 10:33:11 [info] [remote] network-interface change detected; probing SSH controllers
2026-04-27 10:34:26 [info] [remote] network-interface change detected; probing SSH controllers
2026-04-27 10:35:44 [info] [remote] network-interface change detected; probing SSH controllers
2026-04-27 10:36:59 [info] [remote] network-interface change detected; probing SSH controllers
2026-04-27 10:38:17 [info] [remote] network-interface change detected; probing SSH controllers
2026-04-27 10:39:32 [info] [remote] network-interface change detected; probing SSH controllers
2026-04-27 10:40:50 [info] [remote] network-interface change detected; probing SSH controllers
2026-04-27 10:42:05 [info] [remote] network-interface change detected; probing SSH controllers
2026-04-27 10:43:23 [info] [remote] network-interface change detected; probing SSH controllers
2026-04-27 10:44:53 [info] [remote] network-interface change detected; probing SSH controllers
2026-04-27 10:45:47 [info] [remote] network-interface change detected; probing SSH controllers
2026-04-27 10:46:11 [info] [remote] network-interface change detected; probing SSH controllers
2026-04-27 10:47:26 [info] [remote] network-interface change detected; probing SSH controllers
2026-04-27 10:48:44 [info] [remote] network-interface change detected; probing SSH controllers
2026-04-27 10:49:59 [info] [remote] network-interface change detected; probing SSH controllers
2026-04-27 10:51:17 [info] [remote] network-interface change detected; probing SSH controllers
2026-04-27 10:52:33 [info] [remote] network-interface change detected; probing SSH controllers
2026-04-27 10:53:48 [info] [remote] network-interface change detected; probing SSH controllers
2026-04-27 10:53:51 [info] [remote] network-interface change detected; probing SSH controllers
2026-04-27 10:55:06 [info] [remote] network-interface change detected; probing SSH controllers
2026-04-27 10:56:21 [info] [remote] network-interface change detected; probing SSH controllers
2026-04-27 10:57:39 [info] [remote] network-interface change detected; probing SSH controllers
2026-04-27 10:58:54 [info] [remote] network-interface change detected; probing SSH controllers
2026-04-27 10:59:48 [info] [remote] powerMonitor:unlock-screen; probing SSH controllers
2026-04-27 11:01:06 [info] [remote] network-interface change detected; probing SSH controllers
2026-04-27 11:01:51 [info] [remote] network-interface change detected; probing SSH controllers
2026-04-27 11:02:30 [info] [remote] network-interface change detected; probing SSH controllers
2026-04-27 11:03:18 [info] [remote] network-interface change detected; probing SSH controllers
2026-04-27 11:04:15 [info] [remote] network-interface change detected; probing SSH controllers
2026-04-27 11:04:57 [info] [remote] network-interface change detected; probing SSH controllers
2026-04-27 11:05:33 [info] [remote] network-interface change detected; probing SSH controllers
2026-04-27 11:06:48 [info] [remote] network-interface change detected; probing SSH controllers
2026-04-27 11:07:21 [info] [remote] network-interface change detected; probing SSH controllers
2026-04-27 11:08:06 [info] [remote] network-interface change detected; probing SSH controllers
2026-04-27 11:09:21 [info] [remote] network-interface change detected; probing SSH controllers
2026-04-27 11:10:57 [info] [remote] network-interface change detected; probing SSH controllers
2026-04-27 11:12:12 [info] [remote] network-interface change detected; probing SSH controllers
2026-04-27 11:13:30 [info] [remote] network-interface change detected; probing SSH controllers
2026-04-27 11:14:45 [info] [remote] network-interface change detected; probing SSH controllers
2026-04-27 11:16:03 [info] [remote] network-interface change detected; probing SSH controllers
2026-04-27 11:17:18 [info] [remote] network-interface change detected; probing SSH controllers
2026-04-27 11:18:36 [info] [remote] network-interface change detected; probing SSH controllers
2026-04-27 11:19:52 [info] [remote] network-interface change detected; probing SSH controllers
2026-04-27 11:21:07 [info] [remote] network-interface change detected; probing SSH controllers
2026-04-27 11:21:10 [info] [remote] network-interface change detected; probing SSH controllers
2026-04-27 11:22:40 [info] [remote] network-interface change detected; probing SSH controllers
2026-04-27 11:23:40 [info] [remote] network-interface change detected; probing SSH controllers
2026-04-27 11:23:43 [info] [remote] network-interface change detected; probing SSH controllers
2026-04-27 11:24:58 [info] [remote] network-interface change detected; probing SSH controllers
2026-04-27 11:26:13 [info] [remote] network-interface change detected; probing SSH controllers
2026-04-27 11:27:31 [info] [remote] network-interface change detected; probing SSH controllers
2026-04-27 11:28:46 [info] [remote] network-interface change detected; probing SSH controllers
2026-04-27 11:30:04 [info] [remote] network-interface change detected; probing SSH controllers
2026-04-27 11:31:19 [info] [remote] network-interface change detected; probing SSH controllers
2026-04-27 11:44:02 [info] [remote] network-interface change detected; probing SSH controllers
2026-04-27 11:44:06 [info] [remote] network-interface change detected; probing SSH controllers
2026-04-27 11:44:36 [info] [remote] powerMonitor:resume; probing SSH controllers
2026-04-27 11:44:36 [info] [remote] network-interface change detected; probing SSH controllers
2026-04-27 11:44:37 [info] [remote] powerMonitor:unlock-screen; probing SSH controllers
2026-04-27 11:45:12 [info] [remote] network-interface change detected; probing SSH controllers
2026-04-27 11:46:42 [info] [remote] network-interface change detected; probing SSH controllers
2026-04-27 11:47:18 [info] [remote] network-interface change detected; probing SSH controllers
2026-04-27 11:47:45 [info] [remote] network-interface change detected; probing SSH controllers
2026-04-27 11:48:06 [info] [remote] network-interface change detected; probing SSH controllers
2026-04-27 11:50:41 [info] [remote] network-interface change detected; probing SSH controllers
2026-04-27 11:50:44 [info] [remote] network-interface change detected; probing SSH controllers
2026-04-27 11:51:02 [info] [remote] network-interface change detected; probing SSH controllers
2026-04-27 12:18:00 [info] [remote] powerMonitor:resume; probing SSH controllers
2026-04-27 12:18:02 [info] [remote] powerMonitor:unlock-screen; probing SSH controllers
2026-04-27 12:18:03 [info] [remote] network-interface change detected; probing SSH controllers
2026-04-27 12:18:42 [info] [remote] network-interface change detected; probing SSH controllers
2026-04-27 12:19:21 [info] [remote] network-interface change detected; probing SSH controllers
2026-04-27 12:20:24 [info] [remote] network-interface change detected; probing SSH controllers
2026-04-27 12:21:15 [info] [remote] network-interface change detected; probing SSH controllers
2026-04-27 12:22:12 [info] [remote] network-interface change detected; probing SSH controllers
2026-04-27 12:22:30 [info] [remote] network-interface change detected; probing SSH controllers
2026-04-27 12:23:15 [info] [remote] network-interface change detected; probing SSH controllers
2026-04-27 12:23:48 [info] [remote] network-interface change detected; probing SSH controllers
2026-04-27 12:25:27 [info] [remote] network-interface change detected; probing SSH controllers
2026-04-27 12:26:21 [info] [remote] network-interface change detected; probing SSH controllers
2026-04-27 12:27:36 [info] [remote] network-interface change detected; probing SSH controllers
2026-04-27 12:28:54 [info] [remote] network-interface change detected; probing SSH controllers
2026-04-27 12:30:09 [info] [remote] network-interface change detected; probing SSH controllers
2026-04-27 12:31:27 [info] [remote] network-interface change detected; probing SSH controllers
2026-04-27 12:32:42 [info] [remote] network-interface change detected; probing SSH controllers
2026-04-27 12:34:00 [info] [remote] network-interface change detected; probing SSH controllers
2026-04-27 12:35:15 [info] [remote] network-interface change detected; probing SSH controllers
2026-04-27 12:36:33 [info] [remote] network-interface change detected; probing SSH controllers
2026-04-27 12:37:48 [info] [remote] network-interface change detected; probing SSH controllers
2026-04-27 12:39:06 [info] [remote] network-interface change detected; probing SSH controllers
2026-04-27 12:40:21 [info] [remote] network-interface change detected; probing SSH controllers
2026-04-27 12:40:45 [info] [remote] network-interface change detected; probing SSH controllers
2026-04-27 12:41:39 [info] [remote] network-interface change detected; probing SSH controllers
2026-04-27 12:42:54 [info] [remote] network-interface change detected; probing SSH controllers
2026-04-27 12:44:12 [info] [remote] network-interface change detected; probing SSH controllers
2026-04-27 12:45:27 [info] [remote] network-interface change detected; probing SSH controllers
2026-04-27 12:46:45 [info] [remote] network-interface change detected; probing SSH controllers
2026-04-27 12:48:01 [info] [remote] network-interface change detected; probing SSH controllers
2026-04-27 12:49:19 [info] [remote] network-interface change detected; probing SSH controllers
2026-04-27 12:50:34 [info] [remote] network-interface change detected; probing SSH controllers
2026-04-27 12:51:49 [info] [remote] network-interface change detected; probing SSH controllers
2026-04-27 12:51:52 [info] [remote] network-interface change detected; probing SSH controllers
2026-04-27 12:53:07 [info] [remote] network-interface change detected; probing SSH controllers
2026-04-27 12:54:46 [info] [remote] network-interface change detected; probing SSH controllers
2026-04-27 12:55:55 [info] [remote] network-interface change detected; probing SSH controllers
2026-04-27 12:57:13 [info] [remote] network-interface change detected; probing SSH controllers
2026-04-27 12:58:28 [info] [remote] network-interface change detected; probing SSH controllers
2026-04-27 12:59:46 [info] [remote] network-interface change detected; probing SSH controllers
2026-04-27 13:01:01 [info] [remote] network-interface change detected; probing SSH controllers
2026-04-27 13:02:37 [info] [remote] network-interface change detected; probing SSH controllers
2026-04-27 13:03:55 [info] [remote] network-interface change detected; probing SSH controllers
2026-04-27 13:05:10 [info] [remote] network-interface change detected; probing SSH controllers
2026-04-27 13:06:28 [info] [remote] network-interface change detected; probing SSH controllers
2026-04-27 13:07:43 [info] [remote] network-interface change detected; probing SSH controllers
2026-04-27 13:09:01 [info] [remote] network-interface change detected; probing SSH controllers
2026-04-27 13:10:16 [info] [remote] network-interface change detected; probing SSH controllers
2026-04-27 13:11:07 [info] [remote] network-interface change detected; probing SSH controllers
2026-04-27 13:11:34 [info] [remote] network-interface change detected; probing SSH controllers
2026-04-27 13:12:49 [info] [remote] network-interface change detected; probing SSH controllers
2026-04-27 13:14:31 [info] [remote] network-interface change detected; probing SSH controllers
2026-04-27 13:15:49 [info] [remote] network-interface change detected; probing SSH controllers
2026-04-27 13:17:05 [info] [remote] network-interface change detected; probing SSH controllers
2026-04-27 13:18:23 [info] [remote] network-interface change detected; probing SSH controllers
2026-04-27 13:19:38 [info] [remote] network-interface change detected; probing SSH controllers
2026-04-27 13:20:56 [info] [remote] network-interface change detected; probing SSH controllers
2026-04-27 13:22:11 [info] [remote] network-interface change detected; probing SSH controllers
2026-04-27 13:23:44 [info] [remote] network-interface change detected; probing SSH controllers
2026-04-27 13:27:45 [info] [remote] network-interface change detected; probing SSH controllers
2026-04-27 13:28:48 [info] [remote] network-interface change detected; probing SSH controllers
2026-04-27 13:29:36 [info] [remote] network-interface change detected; probing SSH controllers
2026-04-27 13:36:43 [info] [remote] network-interface change detected; probing SSH controllers
2026-04-27 13:36:46 [info] [remote] network-interface change detected; probing SSH controllers
2026-04-27 13:39:40 [info] [remote] network-interface change detected; probing SSH controllers
2026-04-27 13:39:43 [info] [remote] network-interface change detected; probing SSH controllers
2026-04-27 13:40:50 [info] [remote] network-interface change detected; probing SSH controllers
2026-04-27 13:40:53 [info] [remote] network-interface change detected; probing SSH controllers
2026-04-27 13:41:08 [info] [remote] network-interface change detected; probing SSH controllers
2026-04-27 13:41:14 [info] [remote] network-interface change detected; probing SSH controllers
2026-04-27 13:41:17 [info] [remote] network-interface change detected; probing SSH controllers
2026-04-27 13:45:50 [info] [remote] network-interface change detected; probing SSH controllers
2026-04-27 14:20:13 [info] [remote] network-interface change detected; probing SSH controllers
2026-04-27 16:21:58 [info] [remote] powerMonitor:resume; probing SSH controllers
2026-04-27 16:22:01 [info] [remote] network-interface change detected; probing SSH controllers
2026-04-27 16:22:13 [info] [remote] network-interface change detected; probing SSH controllers
2026-04-27 16:22:18 [info] [remote] powerMonitor:unlock-screen; probing SSH controllers
2026-04-27 16:23:13 [info] [remote] network-interface change detected; probing SSH controllers
2026-04-27 16:24:19 [info] [remote] network-interface change detected; probing SSH controllers
2026-04-27 16:26:19 [info] [remote] network-interface change detected; probing SSH controllers
2026-04-27 19:26:52 [info] [remote] powerMonitor:resume; probing SSH controllers
2026-04-27 19:26:55 [info] [remote] powerMonitor:unlock-screen; probing SSH controllers
2026-04-27 19:26:55 [info] [remote] network-interface change detected; probing SSH controllers
2026-04-27 19:28:13 [info] [remote] network-interface change detected; probing SSH controllers
2026-04-27 19:52:55 [info] [remote] powerMonitor:unlock-screen; probing SSH controllers
2026-04-27 19:53:08 [info] [remote] network-interface change detected; probing SSH controllers
2026-04-27 20:00:32 [info] [remote] network-interface change detected; probing SSH controllers
2026-04-27 20:01:17 [info] [remote] network-interface change detected; probing SSH controllers
2026-04-27 20:50:03 [info] [remote] network-interface change detected; probing SSH controllers
2026-04-27 21:36:44 [info] [remote] network-interface change detected; probing SSH controllers
2026-04-27 21:37:05 [info] [remote] network-interface change detected; probing SSH controllers
2026-04-27 21:38:29 [info] [remote] network-interface change detected; probing SSH controllers
2026-04-27 21:39:08 [info] [remote] network-interface change detected; probing SSH controllers
2026-04-27 21:39:59 [info] [remote] network-interface change detected; probing SSH controllers
2026-04-27 21:41:20 [info] [remote] network-interface change detected; probing SSH controllers
2026-04-27 21:43:47 [info] [remote] network-interface change detected; probing SSH controllers
2026-04-27 21:59:08 [info] [remote] network-interface change detected; probing SSH controllers
2026-04-27 22:12:55 [info] [remote] powerMonitor:unlock-screen; probing SSH controllers
2026-04-27 22:13:09 [info] [remote] network-interface change detected; probing SSH controllers
2026-04-27 22:40:43 [info] [remote] network-interface change detected; probing SSH controllers
2026-04-27 22:43:46 [info] [remote] powerMonitor:unlock-screen; probing SSH controllers
2026-04-28 06:05:09 [info] [remote] network-interface change detected; probing SSH controllers
2026-04-28 06:20:04 [info] [remote] powerMonitor:unlock-screen; probing SSH controllers
2026-04-28 06:44:25 [info] [remote] network-interface change detected; probing SSH controllers
2026-04-28 07:43:43 [info] [remote] network-interface change detected; probing SSH controllers
2026-04-28 07:45:01 [info] [remote] network-interface change detected; probing SSH controllers
2026-04-28 07:46:16 [info] [remote] network-interface change detected; probing SSH controllers
2026-04-28 07:47:34 [info] [remote] network-interface change detected; probing SSH controllers
2026-04-28 07:48:49 [info] [remote] network-interface change detected; probing SSH controllers
2026-04-28 07:50:07 [info] [remote] network-interface change detected; probing SSH controllers
2026-04-28 07:51:22 [info] [remote] network-interface change detected; probing SSH controllers
2026-04-28 07:52:40 [info] [remote] network-interface change detected; probing SSH controllers
2026-04-28 07:53:55 [info] [remote] network-interface change detected; probing SSH controllers
2026-04-28 07:55:13 [info] [remote] network-interface change detected; probing SSH controllers
2026-04-28 07:55:58 [info] [remote] powerMonitor:unlock-screen; probing SSH controllers
2026-04-28 07:56:01 [info] [remote] network-interface change detected; probing SSH controllers
2026-04-28 07:56:04 [info] [remote] network-interface change detected; probing SSH controllers
2026-04-28 07:56:34 [info] [remote] network-interface change detected; probing SSH controllers
2026-04-28 07:56:40 [info] [remote] network-interface change detected; probing SSH controllers
2026-04-28 07:57:01 [info] [remote] network-interface change detected; probing SSH controllers
2026-04-28 08:08:47 [info] [remote] network-interface change detected; probing SSH controllers
2026-04-28 09:24:02 [info] [remote] network-interface change detected; probing SSH controllers
2026-04-28 09:24:20 [info] [remote] network-interface change detected; probing SSH controllers
2026-04-28 09:24:47 [info] [remote] network-interface change detected; probing SSH controllers
2026-04-28 09:24:59 [info] [remote] network-interface change detected; probing SSH controllers
2026-04-28 09:33:05 [info] [remote] network-interface change detected; probing SSH controllers
2026-04-28 09:56:44 [info] [remote] powerMonitor:resume; probing SSH controllers
2026-04-28 09:56:46 [info] [remote] powerMonitor:unlock-screen; probing SSH controllers
2026-04-28 09:56:47 [info] [remote] network-interface change detected; probing SSH controllers
2026-04-28 10:06:08 [info] [remote] network-interface change detected; probing SSH controllers
2026-04-28 10:07:13 [info] [remote] network-interface change detected; probing SSH controllers
2026-04-28 10:07:37 [info] [remote] powerMonitor:resume; probing SSH controllers
2026-04-28 10:07:38 [info] [remote] powerMonitor:unlock-screen; probing SSH controllers
2026-04-28 10:07:41 [info] [remote] network-interface change detected; probing SSH controllers
2026-04-28 10:51:21 [info] [remote] network-interface change detected; probing SSH controllers
2026-04-28 10:55:51 [info] [ClaudeSSHManager] Initialized with version <blob>
2026-04-28 10:56:00 [info] [remote] network-interface change detected; probing SSH controllers
2026-04-28 10:56:03 [info] [remote] network-interface change detected; probing SSH controllers
2026-04-28 11:10:09 [info] [remote] network-interface change detected; probing SSH controllers
2026-04-28 11:10:15 [info] [remote] network-interface change detected; probing SSH controllers
2026-04-28 11:10:33 [info] [remote] network-interface change detected; probing SSH controllers
2026-04-28 11:10:48 [info] [remote] network-interface change detected; probing SSH controllers
2026-04-28 11:13:15 [info] [remote] network-interface change detected; probing SSH controllers
2026-04-28 11:13:18 [info] [remote] network-interface change detected; probing SSH controllers
2026-04-28 11:20:42 [info] [remote] network-interface change detected; probing SSH controllers
2026-04-28 11:21:17 [info] [ClaudeSSHManager] Initialized with version <blob>
2026-04-28 11:21:32 [info] [remote] network-interface change detected; probing SSH controllers
2026-04-28 11:21:38 [info] [remote] network-interface change detected; probing SSH controllers
2026-04-28 11:21:44 [info] [remote] network-interface change detected; probing SSH controllers
2026-04-28 11:23:56 [info] [ClaudeSSHManager] Initialized with version <blob>
2026-04-28 11:24:06 [info] [remote] network-interface change detected; probing SSH controllers
2026-04-28 11:24:42 [info] [remote] network-interface change detected; probing SSH controllers
2026-04-28 11:31:30 [info] [remote] network-interface change detected; probing SSH controllers
2026-04-28 11:31:39 [info] [remote] network-interface change detected; probing SSH controllers
2026-04-28 11:31:42 [info] [remote] network-interface change detected; probing SSH controllers
2026-04-28 11:40:47 [info] [ClaudeSSHManager] Initialized with version <blob>
2026-04-28 12:12:57 [info] [remote] network-interface change detected; probing SSH controllers
2026-04-28 12:19:39 [info] [remote] network-interface change detected; probing SSH controllers
2026-04-28 12:22:42 [info] [remote] network-interface change detected; probing SSH controllers
2026-04-28 12:22:48 [info] [remote] network-interface change detected; probing SSH controllers
2026-04-28 12:23:15 [info] [remote] network-interface change detected; probing SSH controllers
2026-04-28 12:23:33 [info] [remote] network-interface change detected; probing SSH controllers
2026-04-28 12:23:39 [info] [remote] network-interface change detected; probing SSH controllers
2026-04-28 12:23:48 [info] [remote] network-interface change detected; probing SSH controllers
2026-04-28 12:23:51 [info] [remote] network-interface change detected; probing SSH controllers
2026-04-28 13:01:14 [info] [remote] network-interface change detected; probing SSH controllers
2026-04-28 13:01:20 [info] [remote] network-interface change detected; probing SSH controllers
2026-04-28 13:12:57 [info] [remote] powerMonitor:unlock-screen; probing SSH controllers
2026-04-28 13:14:08 [info] [remote] network-interface change detected; probing SSH controllers
2026-04-28 13:26:54 [info] [remote] network-interface change detected; probing SSH controllers
2026-04-28 13:30:45 [info] [remote] network-interface change detected; probing SSH controllers
2026-04-28 15:23:38 [info] [remote] powerMonitor:unlock-screen; probing SSH controllers
2026-04-28 16:10:31 [info] [remote] powerMonitor:unlock-screen; probing SSH controllers
2026-04-28 16:27:57 [info] [remote] powerMonitor:unlock-screen; probing SSH controllers
